[pixelwibes.in/templates/hotelair/html/index.html]
[backblue.gif]
[fade.gif]
[index.html]
[pixelwibes.in/templates/hotelair/html/assets/images/favicon.ico]
[pixelwibes.in/templates/hotelair/html/assets/images/favicon-16x16.png]
[pixelwibes.in/templates/hotelair/html/assets/images/favicon-32x32.png]
[pixelwibes.in/templates/hotelair/html/assets/images/apple-touch-icon.png]
[pixelwibes.in/templates/hotelair/html/assets/vendor/dataTables.min.css]
[pixelwibes.in/templates/hotelair/html/assets/css/style.min.css]
[pixelwibes.in/templates/hotelair/html/assets/images/profile_av.png]
[pixelwibes.in/templates/hotelair/html/hotels.html]
[pixelwibes.in/templates/hotelair/html/transaction.html]
[pixelwibes.in/templates/hotelair/html/room-booking-list.html]
[pixelwibes.in/templates/hotelair/html/checkin-out.html]
[pixelwibes.in/templates/hotelair/html/room-status.html]
[pixelwibes.in/templates/hotelair/html/room-facilites-list.html]
[pixelwibes.in/templates/hotelair/html/facilites-details.html]
[pixelwibes.in/templates/hotelair/html/room-size.html]
[pixelwibes.in/templates/hotelair/html/housekeeping-assign-room.html]
[pixelwibes.in/templates/hotelair/html/housekeeping-roomcleaning.html]
[pixelwibes.in/templates/hotelair/html/housekeeping-Checklist.html]
[pixelwibes.in/templates/hotelair/html/housekeeping-qrlist.html]
[pixelwibes.in/templates/hotelair/html/housekeeping-report.html]
[pixelwibes.in/templates/hotelair/html/cab-list.html]
[pixelwibes.in/templates/hotelair/html/cab-booking.html]
[pixelwibes.in/templates/hotelair/html/items-unit-list.html]
[pixelwibes.in/templates/hotelair/html/items-list.html]
[pixelwibes.in/templates/hotelair/html/items-destroyed-list.html]
[pixelwibes.in/templates/hotelair/html/items-category-list.html]
[pixelwibes.in/templates/hotelair/html/items-suppliers-list.html]
[pixelwibes.in/templates/hotelair/html/personalised-jacuzzi.html]
[pixelwibes.in/templates/hotelair/html/personalised-swimmingpool.html]
[pixelwibes.in/templates/hotelair/html/personalised-spa.html]
[pixelwibes.in/templates/hotelair/html/personalised-pedicure.html]
[pixelwibes.in/templates/hotelair/html/personalised-theater.html]
[pixelwibes.in/templates/hotelair/html/personalised-banquet.html]
[pixelwibes.in/templates/hotelair/html/personalised-settings.html]
[pixelwibes.in/templates/hotelair/html/booking-report.html]
[pixelwibes.in/templates/hotelair/html/purchase-report.html]
[pixelwibes.in/templates/hotelair/html/stock-report.html]
[pixelwibes.in/templates/hotelair/html/bed-list.html]
[pixelwibes.in/templates/hotelair/html/booking-type-list.html]
[pixelwibes.in/templates/hotelair/html/commission-list.html]
[pixelwibes.in/templates/hotelair/html/complementary-list.html]
[pixelwibes.in/templates/hotelair/html/floor-plan-list.html]
[pixelwibes.in/templates/hotelair/html/room-list.html]
[pixelwibes.in/templates/hotelair/html/room-image.html]
[pixelwibes.in/templates/hotelair/html/promocode-list.html]
[pixelwibes.in/templates/hotelair/html/index-hr.html]
[pixelwibes.in/templates/hotelair/html/hrms.html]
[pixelwibes.in/templates/hotelair/html/duty-assigned-list.html]
[pixelwibes.in/templates/hotelair/html/duty-shift-list.html]
[pixelwibes.in/templates/hotelair/html/duty-roster-list.html]
[pixelwibes.in/templates/hotelair/html/employees-all.html]
[pixelwibes.in/templates/hotelair/html/employees-leave.html]
[pixelwibes.in/templates/hotelair/html/employees-attendance.html]
[pixelwibes.in/templates/hotelair/html/employees-departments.html]
[pixelwibes.in/templates/hotelair/html/employees-loan.html]
[pixelwibes.in/templates/hotelair/html/employees-appraisal.html]
[pixelwibes.in/templates/hotelair/html/employees-add.html]
[pixelwibes.in/templates/hotelair/html/payroll-employee-salary.html]
[pixelwibes.in/templates/hotelair/html/payroll-payslip.html]
[pixelwibes.in/templates/hotelair/html/payroll-report.html]
[pixelwibes.in/templates/hotelair/html/tuning.html]
[pixelwibes.in/templates/hotelair/html/common-settings.html]
[pixelwibes.in/templates/hotelair/html/payment-set.html]
[pixelwibes.in/templates/hotelair/html/accounts-setting.html]
[pixelwibes.in/templates/hotelair/html/role-add.html]
[pixelwibes.in/templates/hotelair/html/role-list.html]
[pixelwibes.in/templates/hotelair/html/role-permission.html]
[pixelwibes.in/templates/hotelair/html/role-create-list.html]
[pixelwibes.in/templates/hotelair/html/role-assign.html]
[pixelwibes.in/templates/hotelair/html/role-access-list.html]
[pixelwibes.in/templates/hotelair/html/about-us.html]
[pixelwibes.in/templates/hotelair/html/contact-us.html]
[pixelwibes.in/templates/hotelair/html/privacy-policy.html]
[pixelwibes.in/templates/hotelair/html/terms-conditions.html]
[pixelwibes.in/templates/hotelair/html/calendar.html]
[pixelwibes.in/templates/hotelair/html/inbox.html]
[pixelwibes.in/templates/hotelair/html/chat.html]
[pixelwibes.in/templates/hotelair/html/blog.html]
[pixelwibes.in/templates/hotelair/html/filemanager.html]
[pixelwibes.in/templates/hotelair/html/signin.html]
[pixelwibes.in/templates/hotelair/html/signup.html]
[pixelwibes.in/templates/hotelair/html/password-reset.html]
[pixelwibes.in/templates/hotelair/html/two-step.html]
[pixelwibes.in/templates/hotelair/html/lockscreen.html]
[pixelwibes.in/templates/hotelair/html/maintenance.html]
[pixelwibes.in/templates/hotelair/html/404.html]
[pixelwibes.in/templates/hotelair/html/search.html]
[pixelwibes.in/templates/hotelair/html/docs/index.html]
[pixelwibes.in/templates/hotelair/html/changelog.html]
[pixelwibes.in/templates/hotelair/html/room-booking.html]
[pixelwibes.in/templates/hotelair/html/my-profile.html]
[pixelwibes.in/templates/hotelair/html/assets/images/xs/avatar1.jpg]
[pixelwibes.in/templates/hotelair/html/assets/images/xs/avatar2.jpg]
[pixelwibes.in/templates/hotelair/html/assets/images/xs/avatar3.jpg]
[pixelwibes.in/templates/hotelair/html/assets/images/xs/avatar4.jpg]
[pixelwibes.in/templates/hotelair/html/assets/bundles/apexcharts.bundle.js]
[pixelwibes.in/templates/hotelair/html/assets/bundles/libscripts.bundle.js]
[pixelwibes.in/templates/hotelair/html/assets/bundles/dataTables.bundle.js]
[pixelwibes.in/templates/hotelair/html/index.html]
[pixelwibes.in/templates/hotelair/html/assets/js/main.js]
[pixelwibes.in/templates/hotelair/html/assets/vendor/dataTables.min.css]
[cdnjs.cloudflare.com/ajax/libs/flag-icon-css/6.6.6/css/flag-icons.min.css]
[cdnjs.cloudflare.com/ajax/libs/weather-icons/2.0.12/css/weather-icons.min.css]
[cdnjs.cloudflare.com/ajax/libs/simple-line-icons/2.5.5/css/simple-line-icons.min.css]
[cdn.jsdelivr.net/npm/bootstrap-icons@1.5.0/font/bootstrap-icons.css]
[pixelwibes.in/templates/hotelair/html/assets/fonts/summernoted41d.eot]
[pixelwibes.in/templates/hotelair/html/assets/fonts/summernote.woff2]
[pixelwibes.in/templates/hotelair/html/assets/fonts/summernote.woff]
[pixelwibes.in/templates/hotelair/html/assets/fonts/summernote.ttf]
[pixelwibes.in/templates/hotelair/html/assets/fonts/fontawesome-webfont3e6e.eot]
[pixelwibes.in/templates/hotelair/html/assets/fonts/fontawesome-webfontd41d.eot]
[pixelwibes.in/templates/hotelair/html/assets/fonts/fontawesome-webfont3e6e.woff2]
[pixelwibes.in/templates/hotelair/html/assets/fonts/fontawesome-webfont3e6e.woff]
[pixelwibes.in/templates/hotelair/html/assets/css/style.min.css]
[pixelwibes.in/templates/hotelair/html/hotels.html]
[pixelwibes.in/templates/hotelair/html/transaction.html]
[pixelwibes.in/templates/hotelair/html/room-booking-list.html]
[pixelwibes.in/templates/hotelair/html/assets/fonts/fontawesome-webfont3e6e.ttf]
[pixelwibes.in/templates/hotelair/html/assets/fonts/fontawesome-webfont3e6e.svg]
[pixelwibes.in/templates/hotelair/html/checkin-payment.html]
[pixelwibes.in/templates/hotelair/html/checkin-out.html]
[pixelwibes.in/templates/hotelair/html/room-status.html]
[pixelwibes.in/templates/hotelair/html/room-facilites-list.html]
[pixelwibes.in/templates/hotelair/html/assets/images/facility/perfume.png]
[pixelwibes.in/templates/hotelair/html/assets/images/facility/vacuum-cleaner.png]
[pixelwibes.in/templates/hotelair/html/assets/images/facility/wifi.png]
[pixelwibes.in/templates/hotelair/html/assets/images/facility/lamp.png]
[pixelwibes.in/templates/hotelair/html/facilites-details.html]
[pixelwibes.in/templates/hotelair/html/room-size.html]
[pixelwibes.in/templates/hotelair/html/housekeeping-assign-room.html]
[pixelwibes.in/templates/hotelair/html/housekeeping-roomcleaning.html]
[pixelwibes.in/templates/hotelair/html/housekeeping-Checklist.html]
[pixelwibes.in/templates/hotelair/html/assets/images/qr.png]
[pixelwibes.in/templates/hotelair/html/housekeeping-qrlist.html]
[pixelwibes.in/templates/hotelair/html/housekeeping-report.html]
[pixelwibes.in/templates/hotelair/html/cab-list.html]
[pixelwibes.in/templates/hotelair/html/cab-booking.html]
[pixelwibes.in/templates/hotelair/html/items-unit-list.html]
[pixelwibes.in/templates/hotelair/html/items-list.html]
[pixelwibes.in/templates/hotelair/html/items-destroyed-list.html]
[pixelwibes.in/templates/hotelair/html/items-category-list.html]
[pixelwibes.in/templates/hotelair/html/items-suppliers-list.html]
[pixelwibes.in/templates/hotelair/html/personalised-jacuzzi.html]
[pixelwibes.in/templates/hotelair/html/personalised-swimmingpool.html]
[pixelwibes.in/templates/hotelair/html/personalised-spa.html]
[pixelwibes.in/templates/hotelair/html/personalised-pedicure.html]
[pixelwibes.in/templates/hotelair/html/personalised-theater.html]
[pixelwibes.in/templates/hotelair/html/personalised-banquet.html]
[pixelwibes.in/templates/hotelair/html/personalised.html]
[pixelwibes.in/templates/hotelair/html/personalised-settings.html]
[pixelwibes.in/templates/hotelair/html/booking-report.html]
[pixelwibes.in/templates/hotelair/html/purchase-report.html]
[pixelwibes.in/templates/hotelair/html/stock-report.html]
[pixelwibes.in/templates/hotelair/html/bed-list.html]
[pixelwibes.in/templates/hotelair/html/booking-type-list.html]
[pixelwibes.in/templates/hotelair/html/commission-list.html]
[pixelwibes.in/templates/hotelair/html/complementary-list.html]
[pixelwibes.in/templates/hotelair/html/floor-plan-list.html]
[pixelwibes.in/templates/hotelair/html/room-list.html]
[pixelwibes.in/templates/hotelair/html/assets/images/gallery/20.jpg]
[pixelwibes.in/templates/hotelair/html/assets/images/gallery/17.jpg]
[pixelwibes.in/templates/hotelair/html/assets/images/gallery/18.jpg]
[pixelwibes.in/templates/hotelair/html/assets/images/gallery/19.jpg]
[pixelwibes.in/templates/hotelair/html/assets/images/gallery/16.jpg]
[pixelwibes.in/templates/hotelair/html/room-image.html]
[pixelwibes.in/templates/hotelair/html/promocode-list.html]
[pixelwibes.in/templates/hotelair/html/assets/images/lg/avatar1.jpg]
[pixelwibes.in/templates/hotelair/html/assets/images/lg/avatar2.jpg]
[pixelwibes.in/templates/hotelair/html/assets/images/lg/avatar3.jpg]
[pixelwibes.in/templates/hotelair/html/assets/images/lg/avatar4.jpg]
[pixelwibes.in/templates/hotelair/html/assets/images/lg/avatar6.jpg]
[pixelwibes.in/templates/hotelair/html/assets/images/xs/avatar8.jpg]
[pixelwibes.in/templates/hotelair/html/index-hr.html]
[pixelwibes.in/templates/hotelair/html/hrms.html]
[pixelwibes.in/templates/hotelair/html/duty-assigned-list.html]
[pixelwibes.in/templates/hotelair/html/duty-shift-list.html]
[pixelwibes.in/templates/hotelair/html/assets/js/hr-dashboard.js]
[pixelwibes.in/templates/hotelair/html/duty-roster-list.html]
[pixelwibes.in/templates/hotelair/html/employee-profile.html]
[pixelwibes.in/templates/hotelair/html/assets/images/lg/avatar5.jpg]
[pixelwibes.in/templates/hotelair/html/assets/images/lg/avatar7.jpg]
[pixelwibes.in/templates/hotelair/html/assets/images/lg/avatar8.jpg]
[pixelwibes.in/templates/hotelair/html/employees-all.html]
[pixelwibes.in/templates/hotelair/html/assets/css/dataTables.min.css]
[pixelwibes.in/templates/hotelair/html/assets/images/xs/avatar5.jpg]
[pixelwibes.in/templates/hotelair/html/assets/images/xs/avatar6.jpg]
[pixelwibes.in/templates/hotelair/html/assets/images/xs/avatar7.jpg]
[pixelwibes.in/templates/hotelair/html/employees-leave.html]
[pixelwibes.in/templates/hotelair/html/employees-attendance.html]
[pixelwibes.in/templates/hotelair/html/employees-departments.html]
[pixelwibes.in/templates/hotelair/html/employees-loan.html]
[pixelwibes.in/templates/hotelair/html/employees-appraisal.html]
[pixelwibes.in/templates/hotelair/html/employees-add.html]
[pixelwibes.in/templates/hotelair/html/payroll-employee-salary.html]
[pixelwibes.in/templates/hotelair/html/payroll-payslip.html]
[pixelwibes.in/templates/hotelair/html/assets/images/payment/visa-card.svg]
[pixelwibes.in/templates/hotelair/html/assets/images/payment/mastercard.svg]
[pixelwibes.in/templates/hotelair/html/payroll-report.html]
[pixelwibes.in/templates/hotelair/html/assets/images/payment/paypal.svg]
[pixelwibes.in/templates/hotelair/html/tuning.html]
[pixelwibes.in/templates/hotelair/html/common-settings.html]
[pixelwibes.in/templates/hotelair/html/payment-set.html]
[pixelwibes.in/templates/hotelair/html/app.html]
[pixelwibes.in/templates/hotelair/html/assets/images/visa.svg]
[pixelwibes.in/templates/hotelair/html/accounts-setting.html]
[pixelwibes.in/templates/hotelair/html/role-add.html]
[pixelwibes.in/templates/hotelair/html/assets/images/mastercard.svg]
[pixelwibes.in/templates/hotelair/html/assets/images/xs/avatar9.jpg]
[pixelwibes.in/templates/hotelair/html/assets/images/xs/avatar10.jpg]
[pixelwibes.in/templates/hotelair/html/role-list.html]
[pixelwibes.in/templates/hotelair/html/role-permission.html]
[pixelwibes.in/templates/hotelair/html/role-create-list.html]
[pixelwibes.in/templates/hotelair/html/role-assign.html]
[pixelwibes.in/templates/hotelair/html/role-access-list.html]
[pixelwibes.in/templates/hotelair/html/assets/css/summernote.min.css]
[pixelwibes.in/templates/hotelair/html/about-us.html]
[pixelwibes.in/templates/hotelair/html/contact-us.html]
[pixelwibes.in/templates/hotelair/html/privacy-policy.html]
[pixelwibes.in/templates/hotelair/html/terms-conditions.html]
[pixelwibes.in/templates/hotelair/html/assets/bundles/summernote.bundle.js]
[pixelwibes.in/templates/hotelair/html/calendar.html]
[pixelwibes.in/templates/hotelair/html/inbox.html]
[pixelwibes.in/templates/hotelair/html/chat.html]
[pixelwibes.in/templates/hotelair/html/assets/bundles/fullcalendar.bundle.js]
[pixelwibes.in/templates/hotelair/html/blog-detail.html]
[pixelwibes.in/templates/hotelair/html/assets/images/ads-01.png]
[pixelwibes.in/templates/hotelair/html/assets/images/gallery/6.jpg]
[pixelwibes.in/templates/hotelair/html/assets/images/gallery/7.jpg]
[pixelwibes.in/templates/hotelair/html/assets/images/gallery/8.jpg]
[pixelwibes.in/templates/hotelair/html/assets/images/gallery/9.jpg]
[pixelwibes.in/templates/hotelair/html/blog.html]
[pixelwibes.in/templates/hotelair/html/filemanager.html]
[pixelwibes.in/templates/hotelair/html/signin.html]
[pixelwibes.in/templates/hotelair/html/signup.html]
[pixelwibes.in/templates/hotelair/html/password-reset.html]
[pixelwibes.in/templates/hotelair/html/two-step.html]
[pixelwibes.in/templates/hotelair/html/lockscreen.html]
[pixelwibes.in/templates/hotelair/html/maintenance.html]
[pixelwibes.in/templates/hotelair/html/404.html]
[pixelwibes.in/templates/hotelair/html/search.html]
[pixelwibes.in/templates/hotelair/html/assets/css/prism.min.css]
[pixelwibes.in/templates/hotelair/html/docs/widgets-basic-card.html]
[pixelwibes.in/templates/hotelair/html/docs/widgets-card-tiles.html]
[pixelwibes.in/templates/hotelair/html/docs/widgets-card-tab.html]
[pixelwibes.in/templates/hotelair/html/docs/widgets-tables.html]
[pixelwibes.in/templates/hotelair/html/docs/widgets-forms.html]
[pixelwibes.in/templates/hotelair/html/docs/apex.html]
[pixelwibes.in/templates/hotelair/html/docs/peity.html]
[pixelwibes.in/templates/hotelair/html/docs/datatables.html]
[pixelwibes.in/templates/hotelair/html/docs/flatpickr.html]
[pixelwibes.in/templates/hotelair/html/docs/inputmask.html]
[pixelwibes.in/templates/hotelair/html/docs/jsvectormap.html]
[pixelwibes.in/templates/hotelair/html/docs/sortablejs.html]
[pixelwibes.in/templates/hotelair/html/docs/sweetalert2.html]
[pixelwibes.in/templates/hotelair/html/docs/tagify.html]
[pixelwibes.in/templates/hotelair/html/docs/tiny-slider.html]
[pixelwibes.in/templates/hotelair/html/docs/full-calendar.html]
[pixelwibes.in/templates/hotelair/html/docs/summernote.html]
[pixelwibes.in/templates/hotelair/html/docs/bootstrap-icon.html]
[pixelwibes.in/templates/hotelair/html/docs/flag-icon.html]
[pixelwibes.in/templates/hotelair/html/docs/fontawesome-icon.html]
[pixelwibes.in/templates/hotelair/html/docs/linear-icon.html]
[pixelwibes.in/templates/hotelair/html/docs/weather-icon.html]
[pixelwibes.in/templates/hotelair/html/docs/accordion.html]
[pixelwibes.in/templates/hotelair/html/docs/alerts.html]
[pixelwibes.in/templates/hotelair/html/docs/avatar.html]
[pixelwibes.in/templates/hotelair/html/docs/badges.html]
[pixelwibes.in/templates/hotelair/html/docs/breadcrumb.html]
[pixelwibes.in/templates/hotelair/html/docs/buttons.html]
[pixelwibes.in/templates/hotelair/html/docs/cards.html]
[pixelwibes.in/templates/hotelair/html/docs/carousel.html]
[pixelwibes.in/templates/hotelair/html/docs/collapse.html]
[pixelwibes.in/templates/hotelair/html/docs/dropdowns.html]
[pixelwibes.in/templates/hotelair/html/docs/listgroup.html]
[pixelwibes.in/templates/hotelair/html/docs/modal.html]
[pixelwibes.in/templates/hotelair/html/docs/navbar.html]
[pixelwibes.in/templates/hotelair/html/docs/navstabs.html]
[pixelwibes.in/templates/hotelair/html/docs/offcanvas.html]
[pixelwibes.in/templates/hotelair/html/docs/pagination.html]
[pixelwibes.in/templates/hotelair/html/docs/placeholders.html]
[pixelwibes.in/templates/hotelair/html/docs/popovers.html]
[pixelwibes.in/templates/hotelair/html/docs/progress.html]
[pixelwibes.in/templates/hotelair/html/docs/spinners.html]
[pixelwibes.in/templates/hotelair/html/docs/toasts.html]
[pixelwibes.in/templates/hotelair/html/docs/index.html]
[pixelwibes.in/templates/hotelair/html/changelog.html]
[pixelwibes.in/templates/hotelair/html/room-booking.html]
[pixelwibes.in/templates/hotelair/html/my-profile.html]
[pixelwibes.in/templates/hotelair/html/assets/bundles/prism.bundle.js]
[pixelwibes.in/templates/hotelair/html/assets/bundles/libscripts.bundle.js]
[pixelwibes.in/templates/hotelair/html/assets/bundles/apexcharts.bundle.js]
[pixelwibes.in/templates/hotelair/html/assets/bundles/dataTables.bundle.js]
[pixelwibes.in/templates/hotelair/html/assets/js/main.js]
[cdnjs.cloudflare.com/ajax/libs/flag-icon-css/6.6.6/css/flag-icons.min.css]
[cdnjs.cloudflare.com/ajax/libs/weather-icons/2.0.12/css/weather-icons.min.css]
[cdnjs.cloudflare.com/ajax/libs/simple-line-icons/2.5.5/css/simple-line-icons.min.css]
[cdn.jsdelivr.net/npm/bootstrap-icons@1.5.0/font/fonts/bootstrap-icons63f3.woff2]
[cdn.jsdelivr.net/npm/bootstrap-icons@1.5.0/font/fonts/bootstrap-icons63f3.woff]
[cdn.jsdelivr.net/npm/bootstrap-icons@1.5.0/font/bootstrap-icons.css]
[pixelwibes.in/templates/hotelair/html/assets/fonts/fontawesome-webfont3e6e.svg]
[pixelwibes.in/templates/hotelair/html/checkin-payment.html]
[pixelwibes.in/templates/hotelair/html/personalised.html]
[pixelwibes.in/templates/hotelair/html/assets/js/hr-dashboard.js]
[pixelwibes.in/templates/hotelair/html/employee-profile.html]
[pixelwibes.in/templates/hotelair/html/assets/css/dataTables.min.css]
[pixelwibes.in/templates/hotelair/html/assets/images/payment/visa-card.svg]
[pixelwibes.in/templates/hotelair/html/assets/images/payment/mastercard.svg]
[pixelwibes.in/templates/hotelair/html/assets/images/payment/paypal.svg]
[pixelwibes.in/templates/hotelair/html/app.html]
[pixelwibes.in/templates/hotelair/html/assets/images/visa.svg]
[pixelwibes.in/templates/hotelair/html/assets/images/mastercard.svg]
[pixelwibes.in/templates/hotelair/html/assets/images/lg/avatar10.jpg]
[pixelwibes.in/templates/hotelair/html/assets/css/font/summernote.ced41d.delayed]
[pixelwibes.in/templates/hotelair/html/assets/css/font/summernote.woff2]
[pixelwibes.in/templates/hotelair/html/assets/css/font/summernote.woff]
[pixelwibes.in/templates/hotelair/html/assets/css/font/summernote.ttf]
[pixelwibes.in/templates/hotelair/html/assets/css/summernote.min.css]
[pixelwibes.in/templates/hotelair/html/assets/bundles/summernote.bundle.js]
[pixelwibes.in/templates/hotelair/html/assets/bundles/fullcalendar.bundle.js]
[pixelwibes.in/templates/hotelair/html/assets/images/blog-img.png]
[pixelwibes.in/templates/hotelair/html/blog-detail.html]
[pixelwibes.in/templates/hotelair/html/assets/css/prism.min.css]
[pixelwibes.in/templates/hotelair/html/docs/widgets-basic-card.html]
[pixelwibes.in/templates/hotelair/html/docs/widgets-card-tiles.html]
[pixelwibes.in/templates/hotelair/html/docs/widgets-card-tab.html]
[pixelwibes.in/templates/hotelair/html/docs/widgets-tables.html]
[pixelwibes.in/templates/hotelair/html/assets/css/select2.min.css]
[pixelwibes.in/templates/hotelair/html/assets/css/flatpickr.min.css]
[pixelwibes.in/templates/hotelair/html/assets/bundles/inputmask.bundle.js]
[pixelwibes.in/templates/hotelair/html/assets/bundles/select2.bundle.js]
[pixelwibes.in/templates/hotelair/html/assets/bundles/flatpickr.bundle.js]
[pixelwibes.in/templates/hotelair/html/docs/widgets-forms.html]
[pixelwibes.in/templates/hotelair/html/docs/apex.html]
[pixelwibes.in/templates/hotelair/html/docs/peity.html]
[pixelwibes.in/templates/hotelair/html/docs/datatables.html]
[pixelwibes.in/templates/hotelair/html/docs/flatpickr.html]
[pixelwibes.in/templates/hotelair/html/docs/inputmask.html]
[pixelwibes.in/templates/hotelair/html/assets/css/jsvectormap.min.css]
[pixelwibes.in/templates/hotelair/html/docs/jsvectormap.html]
[pixelwibes.in/templates/hotelair/html/assets/bundles/jsvectormap.bundle.js]
[pixelwibes.in/templates/hotelair/html/docs/sortablejs.html]
[pixelwibes.in/templates/hotelair/html/assets/bundles/sortablejs.bundle.js]
[pixelwibes.in/templates/hotelair/html/assets/css/sweetalert2.min.css]
[pixelwibes.in/templates/hotelair/html/docs/sweetalert2.html]
[pixelwibes.in/templates/hotelair/html/assets/bundles/sweetalert2.bundle.js]
[pixelwibes.in/templates/hotelair/html/assets/css/tagify.min.css]
[pixelwibes.in/templates/hotelair/html/docs/tagify.html]
[pixelwibes.in/templates/hotelair/html/assets/bundles/tagify.bundle.js]
[pixelwibes.in/templates/hotelair/html/assets/css/tinyslider.min.css]
[pixelwibes.in/templates/hotelair/html/docs/tiny-slider.html]
[pixelwibes.in/templates/hotelair/html/assets/bundles/tinyslider.bundle.js]
[pixelwibes.in/templates/hotelair/html/docs/full-calendar.html]
[pixelwibes.in/templates/hotelair/html/docs/summernote.html]
[pixelwibes.in/templates/hotelair/html/docs/bootstrap-icon.html]
[pixelwibes.in/templates/hotelair/html/assets/images/flags/4x3/af.svg]
[pixelwibes.in/templates/hotelair/html/assets/images/flags/4x3/ax.svg]
[pixelwibes.in/templates/hotelair/html/assets/images/flags/4x3/al.svg]
[pixelwibes.in/templates/hotelair/html/assets/images/flags/4x3/as.svg]
[pixelwibes.in/templates/hotelair/html/assets/images/flags/4x3/ad.svg]
[pixelwibes.in/templates/hotelair/html/assets/images/flags/4x3/ao.svg]
[pixelwibes.in/templates/hotelair/html/assets/images/flags/4x3/ai.svg]
[pixelwibes.in/templates/hotelair/html/assets/images/flags/4x3/ag.svg]
[pixelwibes.in/templates/hotelair/html/assets/images/flags/4x3/ar.svg]
[pixelwibes.in/templates/hotelair/html/assets/images/flags/4x3/aw.svg]
[pixelwibes.in/templates/hotelair/html/assets/images/flags/4x3/au.svg]
[pixelwibes.in/templates/hotelair/html/assets/images/flags/4x3/az.svg]
[pixelwibes.in/templates/hotelair/html/assets/images/flags/4x3/bs.svg]
[pixelwibes.in/templates/hotelair/html/assets/images/flags/4x3/bb.svg]
[pixelwibes.in/templates/hotelair/html/assets/images/flags/4x3/by.svg]
[pixelwibes.in/templates/hotelair/html/assets/images/flags/4x3/bz.svg]
[pixelwibes.in/templates/hotelair/html/assets/images/flags/4x3/bj.svg]
[pixelwibes.in/templates/hotelair/html/assets/images/flags/4x3/bm.svg]
[pixelwibes.in/templates/hotelair/html/assets/images/flags/4x3/bt.svg]
[pixelwibes.in/templates/hotelair/html/assets/images/flags/4x3/bo.svg]
[pixelwibes.in/templates/hotelair/html/assets/images/flags/4x3/ba.svg]
[pixelwibes.in/templates/hotelair/html/assets/images/flags/4x3/br.svg]
[pixelwibes.in/templates/hotelair/html/assets/images/flags/4x3/io.svg]
[pixelwibes.in/templates/hotelair/html/assets/images/flags/4x3/bn.svg]
[pixelwibes.in/templates/hotelair/html/assets/images/flags/4x3/bf.svg]
[pixelwibes.in/templates/hotelair/html/assets/images/flags/4x3/bi.svg]
[pixelwibes.in/templates/hotelair/html/assets/images/flags/4x3/cv.svg]
[pixelwibes.in/templates/hotelair/html/assets/images/flags/4x3/kh.svg]
[pixelwibes.in/templates/hotelair/html/assets/images/flags/4x3/cm.svg]
[pixelwibes.in/templates/hotelair/html/assets/images/flags/4x3/ca.svg]
[pixelwibes.in/templates/hotelair/html/assets/images/flags/4x3/ky.svg]
[pixelwibes.in/templates/hotelair/html/assets/images/flags/4x3/cf.svg]
[pixelwibes.in/templates/hotelair/html/assets/images/flags/4x3/cl.svg]
[pixelwibes.in/templates/hotelair/html/assets/images/flags/4x3/cn.svg]
[pixelwibes.in/templates/hotelair/html/assets/images/flags/4x3/cx.svg]
[pixelwibes.in/templates/hotelair/html/assets/images/flags/4x3/cc.svg]
[pixelwibes.in/templates/hotelair/html/assets/images/flags/4x3/km.svg]
[pixelwibes.in/templates/hotelair/html/assets/images/flags/4x3/ck.svg]
[pixelwibes.in/templates/hotelair/html/assets/images/flags/4x3/hr.svg]
[pixelwibes.in/templates/hotelair/html/assets/images/flags/4x3/cu.svg]
[pixelwibes.in/templates/hotelair/html/assets/images/flags/4x3/cw.svg]
[pixelwibes.in/templates/hotelair/html/assets/images/flags/4x3/cy.svg]
[pixelwibes.in/templates/hotelair/html/assets/images/flags/4x3/cd.svg]
[pixelwibes.in/templates/hotelair/html/assets/images/flags/4x3/dj.svg]
[pixelwibes.in/templates/hotelair/html/assets/images/flags/4x3/dm.svg]
[pixelwibes.in/templates/hotelair/html/assets/images/flags/4x3/do.svg]
[pixelwibes.in/templates/hotelair/html/assets/images/flags/4x3/ec.svg]
[pixelwibes.in/templates/hotelair/html/assets/images/flags/4x3/eg.svg]
[pixelwibes.in/templates/hotelair/html/assets/images/flags/4x3/sv.svg]
[pixelwibes.in/templates/hotelair/html/assets/images/flags/4x3/gq.svg]
[pixelwibes.in/templates/hotelair/html/assets/images/flags/4x3/er.svg]
[pixelwibes.in/templates/hotelair/html/assets/images/flags/4x3/ee.svg]
[pixelwibes.in/templates/hotelair/html/assets/images/flags/4x3/et.svg]
[pixelwibes.in/templates/hotelair/html/assets/images/flags/4x3/fk.svg]
[pixelwibes.in/templates/hotelair/html/assets/images/flags/4x3/fo.svg]
[pixelwibes.in/templates/hotelair/html/assets/images/flags/4x3/fm.svg]
[pixelwibes.in/templates/hotelair/html/assets/images/flags/4x3/fj.svg]
[pixelwibes.in/templates/hotelair/html/assets/images/flags/4x3/pf.svg]
[pixelwibes.in/templates/hotelair/html/assets/images/flags/4x3/tf.svg]
[pixelwibes.in/templates/hotelair/html/assets/images/flags/4x3/gm.svg]
[pixelwibes.in/templates/hotelair/html/assets/images/flags/4x3/ge.svg]
[pixelwibes.in/templates/hotelair/html/assets/images/flags/4x3/gi.svg]
[pixelwibes.in/templates/hotelair/html/assets/images/flags/4x3/gr.svg]
[pixelwibes.in/templates/hotelair/html/assets/images/flags/4x3/gd.svg]
[pixelwibes.in/templates/hotelair/html/assets/images/flags/4x3/gu.svg]
[pixelwibes.in/templates/hotelair/html/assets/images/flags/4x3/gt.svg]
[pixelwibes.in/templates/hotelair/html/assets/images/flags/4x3/gg.svg]
[pixelwibes.in/templates/hotelair/html/assets/images/flags/4x3/gw.svg]
[pixelwibes.in/templates/hotelair/html/assets/images/flags/4x3/gy.svg]
[pixelwibes.in/templates/hotelair/html/assets/images/flags/4x3/ht.svg]
[pixelwibes.in/templates/hotelair/html/assets/images/flags/4x3/va.svg]
[pixelwibes.in/templates/hotelair/html/assets/images/flags/4x3/hn.svg]
[pixelwibes.in/templates/hotelair/html/assets/images/flags/4x3/hk.svg]
[pixelwibes.in/templates/hotelair/html/assets/images/flags/4x3/is.svg]
[pixelwibes.in/templates/hotelair/html/assets/images/flags/4x3/in.svg]
[pixelwibes.in/templates/hotelair/html/assets/images/flags/4x3/ir.svg]
[pixelwibes.in/templates/hotelair/html/assets/images/flags/4x3/iq.svg]
[pixelwibes.in/templates/hotelair/html/assets/images/flags/4x3/im.svg]
[pixelwibes.in/templates/hotelair/html/assets/images/flags/4x3/il.svg]
[pixelwibes.in/templates/hotelair/html/assets/images/flags/4x3/jm.svg]
[pixelwibes.in/templates/hotelair/html/assets/images/flags/4x3/jp.svg]
[pixelwibes.in/templates/hotelair/html/assets/images/flags/4x3/je.svg]
[pixelwibes.in/templates/hotelair/html/assets/images/flags/4x3/jo.svg]
[pixelwibes.in/templates/hotelair/html/assets/images/flags/4x3/kz.svg]
[pixelwibes.in/templates/hotelair/html/assets/images/flags/4x3/ke.svg]
[pixelwibes.in/templates/hotelair/html/assets/images/flags/4x3/ki.svg]
[pixelwibes.in/templates/hotelair/html/assets/images/flags/4x3/xk.svg]
[pixelwibes.in/templates/hotelair/html/assets/images/flags/4x3/kw.svg]
[pixelwibes.in/templates/hotelair/html/assets/images/flags/4x3/kg.svg]
[pixelwibes.in/templates/hotelair/html/assets/images/flags/4x3/la.svg]
[pixelwibes.in/templates/hotelair/html/assets/images/flags/4x3/lb.svg]
[pixelwibes.in/templates/hotelair/html/assets/images/flags/4x3/ls.svg]
[pixelwibes.in/templates/hotelair/html/assets/images/flags/4x3/lr.svg]
[pixelwibes.in/templates/hotelair/html/assets/images/flags/4x3/ly.svg]
[pixelwibes.in/templates/hotelair/html/assets/images/flags/4x3/li.svg]
[pixelwibes.in/templates/hotelair/html/assets/images/flags/4x3/lt.svg]
[pixelwibes.in/templates/hotelair/html/assets/images/flags/4x3/mo.svg]
[pixelwibes.in/templates/hotelair/html/assets/images/flags/4x3/mw.svg]
[pixelwibes.in/templates/hotelair/html/assets/images/flags/4x3/my.svg]
[pixelwibes.in/templates/hotelair/html/assets/images/flags/4x3/mt.svg]
[pixelwibes.in/templates/hotelair/html/assets/images/flags/4x3/mh.svg]
[pixelwibes.in/templates/hotelair/html/assets/images/flags/4x3/mr.svg]
[pixelwibes.in/templates/hotelair/html/assets/images/flags/4x3/mu.svg]
[pixelwibes.in/templates/hotelair/html/assets/images/flags/4x3/mx.svg]
[pixelwibes.in/templates/hotelair/html/assets/images/flags/4x3/md.svg]
[pixelwibes.in/templates/hotelair/html/assets/images/flags/4x3/mn.svg]
[pixelwibes.in/templates/hotelair/html/assets/images/flags/4x3/me.svg]
[pixelwibes.in/templates/hotelair/html/assets/images/flags/4x3/ms.svg]
[pixelwibes.in/templates/hotelair/html/assets/images/flags/4x3/mz.svg]
[pixelwibes.in/templates/hotelair/html/assets/images/flags/4x3/mm.svg]
[pixelwibes.in/templates/hotelair/html/assets/images/flags/4x3/na.svg]
[pixelwibes.in/templates/hotelair/html/assets/images/flags/4x3/nr.svg]
[pixelwibes.in/templates/hotelair/html/assets/images/flags/4x3/np.svg]
[pixelwibes.in/templates/hotelair/html/assets/images/flags/4x3/nc.svg]
[pixelwibes.in/templates/hotelair/html/assets/images/flags/4x3/nz.svg]
[pixelwibes.in/templates/hotelair/html/assets/images/flags/4x3/ni.svg]
[pixelwibes.in/templates/hotelair/html/assets/images/flags/4x3/nu.svg]
[pixelwibes.in/templates/hotelair/html/assets/images/flags/4x3/nf.svg]
[pixelwibes.in/templates/hotelair/html/assets/images/flags/4x3/kp.svg]
[pixelwibes.in/templates/hotelair/html/assets/images/flags/4x3/mk.svg]
[pixelwibes.in/templates/hotelair/html/assets/images/flags/4x3/gb-nir.svg]
[pixelwibes.in/templates/hotelair/html/assets/images/flags/4x3/mp.svg]
[pixelwibes.in/templates/hotelair/html/assets/images/flags/4x3/no.svg]
[pixelwibes.in/templates/hotelair/html/assets/images/flags/4x3/om.svg]
[pixelwibes.in/templates/hotelair/html/assets/images/flags/4x3/pk.svg]
[pixelwibes.in/templates/hotelair/html/assets/images/flags/4x3/pw.svg]
[pixelwibes.in/templates/hotelair/html/assets/images/flags/4x3/pa.svg]
[pixelwibes.in/templates/hotelair/html/assets/images/flags/4x3/pg.svg]
[pixelwibes.in/templates/hotelair/html/assets/images/flags/4x3/py.svg]
[pixelwibes.in/templates/hotelair/html/assets/images/flags/4x3/pe.svg]
[pixelwibes.in/templates/hotelair/html/assets/images/flags/4x3/ph.svg]
[pixelwibes.in/templates/hotelair/html/assets/images/flags/4x3/pn.svg]
[pixelwibes.in/templates/hotelair/html/assets/images/flags/4x3/pt.svg]
[pixelwibes.in/templates/hotelair/html/assets/images/flags/4x3/pr.svg]
[pixelwibes.in/templates/hotelair/html/assets/images/flags/4x3/qa.svg]
[pixelwibes.in/templates/hotelair/html/assets/images/flags/4x3/cg.svg]
[pixelwibes.in/templates/hotelair/html/assets/images/flags/4x3/ro.svg]
[pixelwibes.in/templates/hotelair/html/assets/images/flags/4x3/rw.svg]
[pixelwibes.in/templates/hotelair/html/assets/images/flags/4x3/sh.svg]
[pixelwibes.in/templates/hotelair/html/assets/images/flags/4x3/kn.svg]
[pixelwibes.in/templates/hotelair/html/assets/images/flags/4x3/lc.svg]
[pixelwibes.in/templates/hotelair/html/assets/images/flags/4x3/vc.svg]
[pixelwibes.in/templates/hotelair/html/assets/images/flags/4x3/ws.svg]
[pixelwibes.in/templates/hotelair/html/assets/images/flags/4x3/sm.svg]
[pixelwibes.in/templates/hotelair/html/assets/images/flags/4x3/st.svg]
[pixelwibes.in/templates/hotelair/html/assets/images/flags/4x3/sa.svg]
[pixelwibes.in/templates/hotelair/html/assets/images/flags/4x3/sn.svg]
[pixelwibes.in/templates/hotelair/html/assets/images/flags/4x3/rs.svg]
[pixelwibes.in/templates/hotelair/html/assets/images/flags/4x3/sc.svg]
[pixelwibes.in/templates/hotelair/html/assets/images/flags/4x3/sg.svg]
[pixelwibes.in/templates/hotelair/html/assets/images/flags/4x3/sx.svg]
[pixelwibes.in/templates/hotelair/html/assets/images/flags/4x3/sk.svg]
[pixelwibes.in/templates/hotelair/html/assets/images/flags/4x3/si.svg]
[pixelwibes.in/templates/hotelair/html/assets/images/flags/4x3/sb.svg]
[pixelwibes.in/templates/hotelair/html/assets/images/flags/4x3/so.svg]
[pixelwibes.in/templates/hotelair/html/assets/images/flags/4x3/za.svg]
[pixelwibes.in/templates/hotelair/html/assets/images/flags/4x3/gs.svg]
[pixelwibes.in/templates/hotelair/html/assets/images/flags/4x3/kr.svg]
[pixelwibes.in/templates/hotelair/html/assets/images/flags/4x3/ss.svg]
[pixelwibes.in/templates/hotelair/html/assets/images/flags/4x3/es.svg]
[pixelwibes.in/templates/hotelair/html/assets/images/flags/4x3/lk.svg]
[pixelwibes.in/templates/hotelair/html/assets/images/flags/4x3/ps.svg]
[pixelwibes.in/templates/hotelair/html/assets/images/flags/4x3/sd.svg]
[pixelwibes.in/templates/hotelair/html/assets/images/flags/4x3/sr.svg]
[pixelwibes.in/templates/hotelair/html/assets/images/flags/4x3/sj.svg]
[pixelwibes.in/templates/hotelair/html/assets/images/flags/4x3/sz.svg]
[pixelwibes.in/templates/hotelair/html/assets/images/flags/4x3/sy.svg]
[pixelwibes.in/templates/hotelair/html/assets/images/flags/4x3/tw.svg]
[pixelwibes.in/templates/hotelair/html/assets/images/flags/4x3/tj.svg]
[pixelwibes.in/templates/hotelair/html/assets/images/flags/4x3/tz.svg]
[pixelwibes.in/templates/hotelair/html/assets/images/flags/4x3/tl.svg]
[pixelwibes.in/templates/hotelair/html/assets/images/flags/4x3/tg.svg]
[pixelwibes.in/templates/hotelair/html/assets/images/flags/4x3/tk.svg]
[pixelwibes.in/templates/hotelair/html/assets/images/flags/4x3/to.svg]
[pixelwibes.in/templates/hotelair/html/assets/images/flags/4x3/tt.svg]
[pixelwibes.in/templates/hotelair/html/assets/images/flags/4x3/tn.svg]
[pixelwibes.in/templates/hotelair/html/assets/images/flags/4x3/tr.svg]
[pixelwibes.in/templates/hotelair/html/assets/images/flags/4x3/tm.svg]
[pixelwibes.in/templates/hotelair/html/assets/images/flags/4x3/tc.svg]
[pixelwibes.in/templates/hotelair/html/assets/images/flags/4x3/tv.svg]
[pixelwibes.in/templates/hotelair/html/assets/images/flags/4x3/ug.svg]
[pixelwibes.in/templates/hotelair/html/assets/images/flags/4x3/gb.svg]
[pixelwibes.in/templates/hotelair/html/assets/images/flags/4x3/um.svg]
[pixelwibes.in/templates/hotelair/html/assets/images/flags/4x3/us.svg]
[pixelwibes.in/templates/hotelair/html/assets/images/flags/4x3/uy.svg]
[pixelwibes.in/templates/hotelair/html/assets/images/flags/4x3/uz.svg]
[pixelwibes.in/templates/hotelair/html/assets/images/flags/4x3/vu.svg]
[pixelwibes.in/templates/hotelair/html/assets/images/flags/4x3/ve.svg]
[pixelwibes.in/templates/hotelair/html/assets/images/flags/4x3/vn.svg]
[pixelwibes.in/templates/hotelair/html/assets/images/flags/4x3/vg.svg]
[pixelwibes.in/templates/hotelair/html/assets/images/flags/4x3/vi.svg]
[pixelwibes.in/templates/hotelair/html/assets/images/flags/4x3/gb-wls.svg]
[pixelwibes.in/templates/hotelair/html/assets/images/flags/4x3/eh.svg]
[pixelwibes.in/templates/hotelair/html/assets/images/flags/4x3/zm.svg]
[pixelwibes.in/templates/hotelair/html/docs/flag-icon.html]
[pixelwibes.in/templates/hotelair/html/docs/fontawesome-icon.html]
[pixelwibes.in/templates/hotelair/html/docs/linear-icon.html]
[pixelwibes.in/templates/hotelair/html/assets/images/flags/4x3/zw.svg]
[pixelwibes.in/templates/hotelair/html/docs/weather-icon.html]
[pixelwibes.in/templates/hotelair/html/docs/accordion.html]
[pixelwibes.in/templates/hotelair/html/docs/alerts.html]
[pixelwibes.in/templates/hotelair/html/docs/avatar.html]
[pixelwibes.in/templates/hotelair/html/docs/badges.html]
[pixelwibes.in/templates/hotelair/html/docs/breadcrumb.html]
[pixelwibes.in/templates/hotelair/html/docs/buttons.html]
[pixelwibes.in/templates/hotelair/html/docs/cards.html]
[pixelwibes.in/templates/hotelair/html/docs/carousel.html]
[pixelwibes.in/templates/hotelair/html/docs/collapse.html]
[pixelwibes.in/templates/hotelair/html/docs/dropdowns.html]
[pixelwibes.in/templates/hotelair/html/docs/listgroup.html]
[pixelwibes.in/templates/hotelair/html/docs/modal.html]
[pixelwibes.in/templates/hotelair/html/docs/navbar.html]
[pixelwibes.in/templates/hotelair/html/docs/navstabs.html]
[pixelwibes.in/templates/hotelair/html/docs/offcanvas.html]
[pixelwibes.in/templates/hotelair/html/docs/pagination.html]
[pixelwibes.in/templates/hotelair/html/docs/placeholders.html]
[pixelwibes.in/templates/hotelair/html/docs/5.1/forms/checks-radios/index.html]
[pixelwibes.in/templates/hotelair/html/docs/popovers.html]
[pixelwibes.in/templates/hotelair/html/docs/progress.html]
[pixelwibes.in/templates/hotelair/html/docs/spinners.html]
[pixelwibes.in/templates/hotelair/html/docs/toasts.html]
[cdn.jsdelivr.net/npm/@popperjs/core@2.10.2/dist/umd/popper.min.js]
[pixelwibes.in/templates/hotelair/html/docs/GET]
[pixelwibes.in/templates/hotelair/html/assets/bundles/prism.bundle.js]
[pixelwibes.in/templates/hotelair/html/assets/css/font/summernoted41d.html]
[pixelwibes.in/templates/hotelair/html/assets/css/font/summernote.html]
[pixelwibes.in/templates/hotelair/html/assets/css/font/summernote-2.html]
[pixelwibes.in/templates/hotelair/html/assets/css/font/summernote-3.html]
[pixelwibes.in/templates/hotelair/html/assets/css/select2.min.css]
[pixelwibes.in/templates/hotelair/html/assets/css/flatpickr.min.css]
[pixelwibes.in/templates/hotelair/html/assets/bundles/inputmask.bundle.js]
[pixelwibes.in/templates/hotelair/html/assets/bundles/select2.bundle.js]
[pixelwibes.in/templates/hotelair/html/assets/bundles/flatpickr.bundle.js]
[pixelwibes.in/templates/hotelair/html/assets/css/jsvectormap.min.css]
[pixelwibes.in/templates/hotelair/html/assets/bundles/jsvectormap.bundle.js]
[pixelwibes.in/templates/hotelair/html/assets/bundles/sortablejs.bundle.js]
[pixelwibes.in/templates/hotelair/html/assets/css/sweetalert2.min.css]
[pixelwibes.in/templates/hotelair/html/assets/bundles/sweetalert2.bundle.js]
[pixelwibes.in/templates/hotelair/html/assets/css/tagify.min.css]
[pixelwibes.in/templates/hotelair/html/assets/bundles/tagify.bundle.js]
[pixelwibes.in/templates/hotelair/html/assets/css/tinyslider.min.css]
[pixelwibes.in/templates/hotelair/html/assets/bundles/tinyslider.bundle.js]
[pixelwibes.in/templates/hotelair/html/assets/images/flags/4x3/af.svg]
[pixelwibes.in/templates/hotelair/html/assets/images/flags/4x3/ax.svg]
[pixelwibes.in/templates/hotelair/html/assets/images/flags/4x3/al.svg]
[pixelwibes.in/templates/hotelair/html/assets/images/flags/4x3/dz.svg]
[pixelwibes.in/templates/hotelair/html/assets/images/flags/4x3/as.svg]
[pixelwibes.in/templates/hotelair/html/assets/images/flags/4x3/ad.svg]
[pixelwibes.in/templates/hotelair/html/assets/images/flags/4x3/ao.svg]
[pixelwibes.in/templates/hotelair/html/assets/images/flags/4x3/ai.svg]
[pixelwibes.in/templates/hotelair/html/assets/images/flags/4x3/ag.svg]
[pixelwibes.in/templates/hotelair/html/assets/images/flags/4x3/ar.svg]
[pixelwibes.in/templates/hotelair/html/assets/images/flags/4x3/am.svg]
[pixelwibes.in/templates/hotelair/html/assets/images/flags/4x3/aw.svg]
[pixelwibes.in/templates/hotelair/html/assets/images/flags/4x3/au.svg]
[pixelwibes.in/templates/hotelair/html/assets/images/flags/4x3/at.svg]
[pixelwibes.in/templates/hotelair/html/assets/images/flags/4x3/az.svg]
[pixelwibes.in/templates/hotelair/html/assets/images/flags/4x3/bs.svg]
[pixelwibes.in/templates/hotelair/html/assets/images/flags/4x3/bh.svg]
[pixelwibes.in/templates/hotelair/html/assets/images/flags/4x3/bd.svg]
[pixelwibes.in/templates/hotelair/html/assets/images/flags/4x3/bb.svg]
[pixelwibes.in/templates/hotelair/html/assets/images/flags/4x3/by.svg]
[pixelwibes.in/templates/hotelair/html/assets/images/flags/4x3/be.svg]
[pixelwibes.in/templates/hotelair/html/assets/images/flags/4x3/bz.svg]
[pixelwibes.in/templates/hotelair/html/assets/images/flags/4x3/bj.svg]
[pixelwibes.in/templates/hotelair/html/assets/images/flags/4x3/bm.svg]
[pixelwibes.in/templates/hotelair/html/assets/images/flags/4x3/bt.svg]
[pixelwibes.in/templates/hotelair/html/assets/images/flags/4x3/bo.svg]
[pixelwibes.in/templates/hotelair/html/assets/images/flags/4x3/bq.svg]
[pixelwibes.in/templates/hotelair/html/assets/images/flags/4x3/ba.svg]
[pixelwibes.in/templates/hotelair/html/assets/images/flags/4x3/bw.svg]
[pixelwibes.in/templates/hotelair/html/assets/images/flags/4x3/br.svg]
[pixelwibes.in/templates/hotelair/html/assets/images/flags/4x3/io.svg]
[pixelwibes.in/templates/hotelair/html/assets/images/flags/4x3/bn.svg]
[pixelwibes.in/templates/hotelair/html/assets/images/flags/4x3/bg.svg]
[pixelwibes.in/templates/hotelair/html/assets/images/flags/4x3/bf.svg]
[pixelwibes.in/templates/hotelair/html/assets/images/flags/4x3/bi.svg]
[pixelwibes.in/templates/hotelair/html/assets/images/flags/4x3/cv.svg]
[pixelwibes.in/templates/hotelair/html/assets/images/flags/4x3/kh.svg]
[pixelwibes.in/templates/hotelair/html/assets/images/flags/4x3/cm.svg]
[pixelwibes.in/templates/hotelair/html/assets/images/flags/4x3/ca.svg]
[pixelwibes.in/templates/hotelair/html/assets/images/flags/4x3/ky.svg]
[pixelwibes.in/templates/hotelair/html/assets/images/flags/4x3/cf.svg]
[pixelwibes.in/templates/hotelair/html/assets/images/flags/4x3/td.svg]
[pixelwibes.in/templates/hotelair/html/assets/images/flags/4x3/cl.svg]
[pixelwibes.in/templates/hotelair/html/assets/images/flags/4x3/cn.svg]
[pixelwibes.in/templates/hotelair/html/assets/images/flags/4x3/cx.svg]
[pixelwibes.in/templates/hotelair/html/assets/images/flags/4x3/cc.svg]
[pixelwibes.in/templates/hotelair/html/assets/images/flags/4x3/co.svg]
[pixelwibes.in/templates/hotelair/html/assets/images/flags/4x3/km.svg]
[pixelwibes.in/templates/hotelair/html/assets/images/flags/4x3/ck.svg]
[pixelwibes.in/templates/hotelair/html/assets/images/flags/4x3/cr.svg]
[pixelwibes.in/templates/hotelair/html/assets/images/flags/4x3/hr.svg]
[pixelwibes.in/templates/hotelair/html/assets/images/flags/4x3/cu.svg]
[pixelwibes.in/templates/hotelair/html/assets/images/flags/4x3/cw.svg]
[pixelwibes.in/templates/hotelair/html/assets/images/flags/4x3/cy.svg]
[pixelwibes.in/templates/hotelair/html/assets/images/flags/4x3/cz.svg]
[pixelwibes.in/templates/hotelair/html/assets/images/flags/4x3/ci.svg]
[pixelwibes.in/templates/hotelair/html/assets/images/flags/4x3/cd.svg]
[pixelwibes.in/templates/hotelair/html/assets/images/flags/4x3/dk.svg]
[pixelwibes.in/templates/hotelair/html/assets/images/flags/4x3/dj.svg]
[pixelwibes.in/templates/hotelair/html/assets/images/flags/4x3/dm.svg]
[pixelwibes.in/templates/hotelair/html/docs/Trident/index.html]
[pixelwibes.in/templates/hotelair/html/assets/images/flags/4x3/do.svg]
[pixelwibes.in/templates/hotelair/html/assets/images/flags/4x3/ec.svg]
[pixelwibes.in/templates/hotelair/html/assets/images/flags/4x3/eg.svg]
[pixelwibes.in/templates/hotelair/html/assets/images/flags/4x3/sv.svg]
[pixelwibes.in/templates/hotelair/html/assets/images/flags/4x3/gb-eng.svg]
[pixelwibes.in/templates/hotelair/html/assets/images/flags/4x3/gq.svg]
[pixelwibes.in/templates/hotelair/html/assets/images/flags/4x3/er.svg]
[pixelwibes.in/templates/hotelair/html/assets/images/flags/4x3/ee.svg]
[pixelwibes.in/templates/hotelair/html/assets/images/flags/4x3/et.svg]
[pixelwibes.in/templates/hotelair/html/assets/images/flags/4x3/fk.svg]
[pixelwibes.in/templates/hotelair/html/assets/images/flags/4x3/fo.svg]
[pixelwibes.in/templates/hotelair/html/assets/images/flags/4x3/fm.svg]
[pixelwibes.in/templates/hotelair/html/assets/images/flags/4x3/fj.svg]
[pixelwibes.in/templates/hotelair/html/assets/images/flags/4x3/fi.svg]
[pixelwibes.in/templates/hotelair/html/assets/images/flags/4x3/fr.svg]
[pixelwibes.in/templates/hotelair/html/assets/images/flags/4x3/gf.svg]
[pixelwibes.in/templates/hotelair/html/assets/images/flags/4x3/pf.svg]
[pixelwibes.in/templates/hotelair/html/assets/images/flags/4x3/tf.svg]
[pixelwibes.in/templates/hotelair/html/assets/images/flags/4x3/ga.svg]
[pixelwibes.in/templates/hotelair/html/assets/images/flags/4x3/gm.svg]
[pixelwibes.in/templates/hotelair/html/assets/images/flags/4x3/ge.svg]
[pixelwibes.in/templates/hotelair/html/assets/images/flags/4x3/de.svg]
[pixelwibes.in/templates/hotelair/html/assets/images/flags/4x3/gh.svg]
[pixelwibes.in/templates/hotelair/html/assets/images/flags/4x3/gi.svg]
[pixelwibes.in/templates/hotelair/html/assets/images/flags/4x3/gr.svg]
[pixelwibes.in/templates/hotelair/html/assets/images/flags/4x3/gl.svg]
[pixelwibes.in/templates/hotelair/html/assets/images/flags/4x3/gd.svg]
[pixelwibes.in/templates/hotelair/html/assets/images/flags/4x3/gp.svg]
[pixelwibes.in/templates/hotelair/html/assets/images/flags/4x3/gu.svg]
[pixelwibes.in/templates/hotelair/html/assets/images/flags/4x3/gt.svg]
[pixelwibes.in/templates/hotelair/html/assets/images/flags/4x3/gg.svg]
[pixelwibes.in/templates/hotelair/html/assets/images/flags/4x3/gn.svg]
[pixelwibes.in/templates/hotelair/html/assets/images/flags/4x3/gw.svg]
[pixelwibes.in/templates/hotelair/html/assets/images/flags/4x3/gy.svg]
[pixelwibes.in/templates/hotelair/html/assets/images/flags/4x3/ht.svg]
[pixelwibes.in/templates/hotelair/html/assets/images/flags/4x3/va.svg]
[pixelwibes.in/templates/hotelair/html/assets/images/flags/4x3/hn.svg]
[pixelwibes.in/templates/hotelair/html/assets/images/flags/4x3/hk.svg]
[pixelwibes.in/templates/hotelair/html/assets/images/flags/4x3/hu.svg]
[pixelwibes.in/templates/hotelair/html/assets/images/flags/4x3/is.svg]
[pixelwibes.in/templates/hotelair/html/assets/images/flags/4x3/in.svg]
[pixelwibes.in/templates/hotelair/html/assets/images/flags/4x3/id.svg]
[pixelwibes.in/templates/hotelair/html/assets/images/flags/4x3/ir.svg]
[pixelwibes.in/templates/hotelair/html/assets/images/flags/4x3/iq.svg]
[pixelwibes.in/templates/hotelair/html/assets/images/flags/4x3/ie.svg]
[pixelwibes.in/templates/hotelair/html/assets/images/flags/4x3/im.svg]
[pixelwibes.in/templates/hotelair/html/assets/images/flags/4x3/il.svg]
[pixelwibes.in/templates/hotelair/html/assets/images/flags/4x3/it.svg]
[pixelwibes.in/templates/hotelair/html/assets/images/flags/4x3/jm.svg]
[pixelwibes.in/templates/hotelair/html/assets/images/flags/4x3/jp.svg]
[pixelwibes.in/templates/hotelair/html/assets/images/flags/4x3/je.svg]
[pixelwibes.in/templates/hotelair/html/assets/images/flags/4x3/jo.svg]
[pixelwibes.in/templates/hotelair/html/assets/images/flags/4x3/kz.svg]
[pixelwibes.in/templates/hotelair/html/assets/images/flags/4x3/ke.svg]
[pixelwibes.in/templates/hotelair/html/assets/images/flags/4x3/ki.svg]
[pixelwibes.in/templates/hotelair/html/assets/images/flags/4x3/xk.svg]
[pixelwibes.in/templates/hotelair/html/assets/images/flags/4x3/kw.svg]
[pixelwibes.in/templates/hotelair/html/assets/images/flags/4x3/kg.svg]
[pixelwibes.in/templates/hotelair/html/assets/images/flags/4x3/la.svg]
[pixelwibes.in/templates/hotelair/html/assets/images/flags/4x3/lv.svg]
[pixelwibes.in/templates/hotelair/html/assets/images/flags/4x3/lb.svg]
[pixelwibes.in/templates/hotelair/html/assets/images/flags/4x3/ls.svg]
[pixelwibes.in/templates/hotelair/html/assets/images/flags/4x3/lr.svg]
[pixelwibes.in/templates/hotelair/html/assets/images/flags/4x3/ly.svg]
[pixelwibes.in/templates/hotelair/html/assets/images/flags/4x3/li.svg]
[pixelwibes.in/templates/hotelair/html/assets/images/flags/4x3/lt.svg]
[pixelwibes.in/templates/hotelair/html/assets/images/flags/4x3/lu.svg]
[pixelwibes.in/templates/hotelair/html/assets/images/flags/4x3/mo.svg]
[pixelwibes.in/templates/hotelair/html/assets/images/flags/4x3/mg.svg]
[pixelwibes.in/templates/hotelair/html/assets/images/flags/4x3/mw.svg]
[pixelwibes.in/templates/hotelair/html/assets/images/flags/4x3/my.svg]
[pixelwibes.in/templates/hotelair/html/assets/images/flags/4x3/mv.svg]
[pixelwibes.in/templates/hotelair/html/assets/images/flags/4x3/ml.svg]
[pixelwibes.in/templates/hotelair/html/assets/images/flags/4x3/mt.svg]
[pixelwibes.in/templates/hotelair/html/assets/images/flags/4x3/mh.svg]
[pixelwibes.in/templates/hotelair/html/assets/images/flags/4x3/mq.svg]
[pixelwibes.in/templates/hotelair/html/assets/images/flags/4x3/mr.svg]
[pixelwibes.in/templates/hotelair/html/assets/images/flags/4x3/mu.svg]
[pixelwibes.in/templates/hotelair/html/assets/images/flags/4x3/yt.svg]
[pixelwibes.in/templates/hotelair/html/assets/images/flags/4x3/mx.svg]
[pixelwibes.in/templates/hotelair/html/assets/images/flags/4x3/md.svg]
[pixelwibes.in/templates/hotelair/html/assets/images/flags/4x3/mc.svg]
[pixelwibes.in/templates/hotelair/html/assets/images/flags/4x3/mn.svg]
[pixelwibes.in/templates/hotelair/html/assets/images/flags/4x3/me.svg]
[pixelwibes.in/templates/hotelair/html/assets/images/flags/4x3/ms.svg]
[pixelwibes.in/templates/hotelair/html/assets/images/flags/4x3/ma.svg]
[pixelwibes.in/templates/hotelair/html/assets/images/flags/4x3/mz.svg]
[pixelwibes.in/templates/hotelair/html/assets/images/flags/4x3/mm.svg]
[pixelwibes.in/templates/hotelair/html/assets/images/flags/4x3/na.svg]
[pixelwibes.in/templates/hotelair/html/assets/images/flags/4x3/nr.svg]
[pixelwibes.in/templates/hotelair/html/assets/images/flags/4x3/np.svg]
[pixelwibes.in/templates/hotelair/html/assets/images/flags/4x3/nl.svg]
[pixelwibes.in/templates/hotelair/html/assets/images/flags/4x3/nc.svg]
[pixelwibes.in/templates/hotelair/html/assets/images/flags/4x3/nz.svg]
[pixelwibes.in/templates/hotelair/html/assets/images/flags/4x3/ni.svg]
[pixelwibes.in/templates/hotelair/html/assets/images/flags/4x3/ne.svg]
[pixelwibes.in/templates/hotelair/html/assets/images/flags/4x3/ng.svg]
[pixelwibes.in/templates/hotelair/html/assets/images/flags/4x3/nu.svg]
[pixelwibes.in/templates/hotelair/html/assets/images/flags/4x3/nf.svg]
[pixelwibes.in/templates/hotelair/html/assets/images/flags/4x3/kp.svg]
[pixelwibes.in/templates/hotelair/html/assets/images/flags/4x3/mk.svg]
[pixelwibes.in/templates/hotelair/html/assets/images/flags/4x3/gb-nir.svg]
[pixelwibes.in/templates/hotelair/html/assets/images/flags/4x3/mp.svg]
[pixelwibes.in/templates/hotelair/html/assets/images/flags/4x3/no.svg]
[pixelwibes.in/templates/hotelair/html/assets/images/flags/4x3/om.svg]
[pixelwibes.in/templates/hotelair/html/assets/images/flags/4x3/pk.svg]
[pixelwibes.in/templates/hotelair/html/assets/images/flags/4x3/pw.svg]
[pixelwibes.in/templates/hotelair/html/assets/images/flags/4x3/pa.svg]
[pixelwibes.in/templates/hotelair/html/assets/images/flags/4x3/pg.svg]
[pixelwibes.in/templates/hotelair/html/assets/images/flags/4x3/py.svg]
[pixelwibes.in/templates/hotelair/html/assets/images/flags/4x3/pe.svg]
[pixelwibes.in/templates/hotelair/html/assets/images/flags/4x3/ph.svg]
[pixelwibes.in/templates/hotelair/html/assets/images/flags/4x3/pn.svg]
[pixelwibes.in/templates/hotelair/html/assets/images/flags/4x3/pl.svg]
[pixelwibes.in/templates/hotelair/html/assets/images/flags/4x3/pt.svg]
[pixelwibes.in/templates/hotelair/html/assets/images/flags/4x3/pr.svg]
[pixelwibes.in/templates/hotelair/html/assets/images/flags/4x3/qa.svg]
[pixelwibes.in/templates/hotelair/html/assets/images/flags/4x3/cg.svg]
[pixelwibes.in/templates/hotelair/html/assets/images/flags/4x3/ro.svg]
[pixelwibes.in/templates/hotelair/html/assets/images/flags/4x3/ru.svg]
[pixelwibes.in/templates/hotelair/html/assets/images/flags/4x3/rw.svg]
[pixelwibes.in/templates/hotelair/html/assets/images/flags/4x3/re.svg]
[pixelwibes.in/templates/hotelair/html/assets/images/flags/4x3/bl.svg]
[pixelwibes.in/templates/hotelair/html/assets/images/flags/4x3/sh.svg]
[pixelwibes.in/templates/hotelair/html/assets/images/flags/4x3/kn.svg]
[pixelwibes.in/templates/hotelair/html/assets/images/flags/4x3/lc.svg]
[pixelwibes.in/templates/hotelair/html/assets/images/flags/4x3/mf.svg]
[pixelwibes.in/templates/hotelair/html/assets/images/flags/4x3/pm.svg]
[pixelwibes.in/templates/hotelair/html/assets/images/flags/4x3/vc.svg]
[pixelwibes.in/templates/hotelair/html/assets/images/flags/4x3/ws.svg]
[pixelwibes.in/templates/hotelair/html/assets/images/flags/4x3/sm.svg]
[pixelwibes.in/templates/hotelair/html/assets/images/flags/4x3/st.svg]
[pixelwibes.in/templates/hotelair/html/assets/images/flags/4x3/sa.svg]
[pixelwibes.in/templates/hotelair/html/assets/images/flags/4x3/gb-sct.svg]
[pixelwibes.in/templates/hotelair/html/assets/images/flags/4x3/sn.svg]
[pixelwibes.in/templates/hotelair/html/assets/images/flags/4x3/rs.svg]
[pixelwibes.in/templates/hotelair/html/assets/images/flags/4x3/sc.svg]
[pixelwibes.in/templates/hotelair/html/assets/images/flags/4x3/sl.svg]
[pixelwibes.in/templates/hotelair/html/assets/images/flags/4x3/sg.svg]
[pixelwibes.in/templates/hotelair/html/assets/images/flags/4x3/sx.svg]
[pixelwibes.in/templates/hotelair/html/assets/images/flags/4x3/sk.svg]
[pixelwibes.in/templates/hotelair/html/assets/images/flags/4x3/si.svg]
[pixelwibes.in/templates/hotelair/html/assets/images/flags/4x3/sb.svg]
[pixelwibes.in/templates/hotelair/html/assets/images/flags/4x3/so.svg]
[pixelwibes.in/templates/hotelair/html/assets/images/flags/4x3/za.svg]
[pixelwibes.in/templates/hotelair/html/assets/images/flags/4x3/gs.svg]
[pixelwibes.in/templates/hotelair/html/assets/images/flags/4x3/kr.svg]
[pixelwibes.in/templates/hotelair/html/assets/images/flags/4x3/ss.svg]
[pixelwibes.in/templates/hotelair/html/assets/images/flags/4x3/es.svg]
[pixelwibes.in/templates/hotelair/html/assets/images/flags/4x3/lk.svg]
[pixelwibes.in/templates/hotelair/html/assets/images/flags/4x3/ps.svg]
[pixelwibes.in/templates/hotelair/html/assets/images/flags/4x3/sd.svg]
[pixelwibes.in/templates/hotelair/html/assets/images/flags/4x3/sr.svg]
[pixelwibes.in/templates/hotelair/html/assets/images/flags/4x3/sj.svg]
[pixelwibes.in/templates/hotelair/html/assets/images/flags/4x3/sz.svg]
[pixelwibes.in/templates/hotelair/html/assets/images/flags/4x3/se.svg]
[pixelwibes.in/templates/hotelair/html/assets/images/flags/4x3/ch.svg]
[pixelwibes.in/templates/hotelair/html/assets/images/flags/4x3/sy.svg]
[pixelwibes.in/templates/hotelair/html/assets/images/flags/4x3/tw.svg]
[pixelwibes.in/templates/hotelair/html/assets/images/flags/4x3/tj.svg]
[pixelwibes.in/templates/hotelair/html/assets/images/flags/4x3/tz.svg]
[pixelwibes.in/templates/hotelair/html/assets/images/flags/4x3/th.svg]
[pixelwibes.in/templates/hotelair/html/assets/images/flags/4x3/tl.svg]
[pixelwibes.in/templates/hotelair/html/assets/images/flags/4x3/tg.svg]
[pixelwibes.in/templates/hotelair/html/assets/images/flags/4x3/tk.svg]
[pixelwibes.in/templates/hotelair/html/assets/images/flags/4x3/to.svg]
[pixelwibes.in/templates/hotelair/html/assets/images/flags/4x3/tt.svg]
[pixelwibes.in/templates/hotelair/html/assets/images/flags/4x3/tn.svg]
[pixelwibes.in/templates/hotelair/html/assets/images/flags/4x3/tr.svg]
[pixelwibes.in/templates/hotelair/html/assets/images/flags/4x3/tm.svg]
[pixelwibes.in/templates/hotelair/html/assets/images/flags/4x3/tc.svg]
[pixelwibes.in/templates/hotelair/html/assets/images/flags/4x3/tv.svg]
[pixelwibes.in/templates/hotelair/html/assets/images/flags/4x3/ug.svg]
[pixelwibes.in/templates/hotelair/html/assets/images/flags/4x3/ua.svg]
[pixelwibes.in/templates/hotelair/html/assets/images/flags/4x3/ae.svg]
[pixelwibes.in/templates/hotelair/html/assets/images/flags/4x3/gb.svg]
[pixelwibes.in/templates/hotelair/html/assets/images/flags/4x3/um.svg]
[pixelwibes.in/templates/hotelair/html/assets/images/flags/4x3/us.svg]
[pixelwibes.in/templates/hotelair/html/assets/images/flags/4x3/uy.svg]
[pixelwibes.in/templates/hotelair/html/assets/images/flags/4x3/uz.svg]
[pixelwibes.in/templates/hotelair/html/assets/images/flags/4x3/vu.svg]
[pixelwibes.in/templates/hotelair/html/assets/images/flags/4x3/ve.svg]
[pixelwibes.in/templates/hotelair/html/assets/images/flags/4x3/vn.svg]
[pixelwibes.in/templates/hotelair/html/assets/images/flags/4x3/vg.svg]
[pixelwibes.in/templates/hotelair/html/assets/images/flags/4x3/vi.svg]
[pixelwibes.in/templates/hotelair/html/assets/images/flags/4x3/gb-wls.svg]
[pixelwibes.in/templates/hotelair/html/assets/images/flags/4x3/wf.svg]
[pixelwibes.in/templates/hotelair/html/assets/images/flags/4x3/eh.svg]
[pixelwibes.in/templates/hotelair/html/assets/images/flags/4x3/ye.svg]
[pixelwibes.in/templates/hotelair/html/assets/images/flags/4x3/zm.svg]
[pixelwibes.in/templates/hotelair/html/assets/images/flags/4x3/zw.svg]
[pixelwibes.in/templates/hotelair/html/docs/5.1/forms/checks-radios/index.html]
[pixelwibes.in/templates/hotelair/html/docs/GET.html]
[pixelwibes.in/templates/hotelair/html/docs/Trident/index.html]
